parsing '../test/parser/test10.mod'...
successfully parsed.
  AST:
    CAstScope: 'test10'
      symbol table:
        [[
          [ *DIM(<ptr(8) to <NULL>>) --> <integer>           ]
          [ *DOFS(<ptr(8) to <NULL>>) --> <integer>           ]
          [ *ReadInt() --> <integer>           ]
          [ *ReadLong() --> <NULL>           ]
          [ *WriteChar(<char>) --> <NULL>           ]
          [ *WriteInt(<integer>) --> <NULL>           ]
          [ *WriteLn() --> <NULL>           ]
          [ *WriteLong(<integer>) --> <NULL>           ]
          [ *WriteStr(<ptr(8) to <char>>) --> <NULL>           ]
          [ @a        <integer>           a           ]
          [ @i        <integer>           i           ]
          [ main     <NULL>           ]
        ]]
      statement list:
        := <integer>
          [ @i        <integer>           i ] <integer>
          0 <integer>
        while cond
          < <integer>
            [ @i        <integer>           i ] <integer>
            100 <integer>
        while-body
          := <INVALID>
            [ @a        <integer>           a ] <INVALID>
              [ @i        <integer>           i ] <integer>
            [ @i        <integer>           i ] <integer>
      nested scopes:
        empty.
    


run the following command to convert the .dot file into a PDF:
  dot -Tpdf -o../test/parser/test10.mod.ast.pdf ../test/parser/test10.mod.ast.dot


Done.
